// Jest Snapshot v1, https://goo.gl/fbAQLP

exports[`HomePage DUMB component  snapshot is matching  1`] = `
<div>
  <h1>
     HomePage
  </h1>
  <button
    onClick={[Function]}
  >
    Logout
  </button>
</div>
`;

exports[`Snapshot Testing  +++capturing Snapshot of HomePage 1`] = `
<div>
  <h1>
     HomePage
  </h1>
  <button
    onClick={[Function]}
  >
    Logout
  </button>
</div>
`;
